#
# There is insufficient memory for the Java Runtime Environment to continue.
# Native memory allocation (mmap) failed to map 132120576 bytes for G1 virtual space
# Possible reasons:
#   The system is out of physical RAM or swap space
#   The process is running with CompressedOops enabled, and the Java Heap may be blocking the growth of the native heap
# Possible solutions:
#   Reduce memory load on the system
#   Increase physical memory or swap space
#   Check if swap backing store is full
#   Decrease Java heap size (-Xmx/-Xms)
#   Decrease number of Java threads
#   Decrease Java thread stack sizes (-Xss)
#   Set larger code cache with -XX:ReservedCodeCacheSize=
#   JVM is running with Unscaled Compressed Oops mode in which the Java heap is
#     placed in the first 4GB address space. The Java Heap base address is the
#     maximum limit for the native heap growth. Please use -XX:HeapBaseMinAddress
#     to set the Java Heap base and to place the Java Heap above 4GB virtual address.
# This output file may be truncated or incomplete.
#
#  Out of Memory Error (os_windows.cpp:3600), pid=19112, tid=19484
#
# JRE version:  (21.0.5+9) (build )
# Java VM: Java HotSpot(TM) 64-Bit Server VM (21.0.5+9-LTS-239, mixed mode, sharing, tiered, compressed oops, compressed class ptrs, g1 gc, windows-amd64)
# No core dump will be written. Minidumps are not enabled by default on client versions of Windows
#

---------------  S U M M A R Y ------------

Command Line: -Dorg.gradle.internal.worker.tmpdir=D:\tugas kuliah\PBW\tubes\Tubes-PBW\build\tmp\test\work -Xmx512m -Dfile.encoding=UTF-8 -Duser.country=ID -Duser.language=en -Duser.variant -ea worker.org.gradle.process.internal.worker.GradleWorkerMain 'Gradle Test Executor 14'

Host: Intel(R) Core(TM) i7-8550U CPU @ 1.80GHz, 8 cores, 7G,  Windows 10 , 64 bit Build 19041 (10.0.19041.5198)
Time: Wed Dec 25 14:06:45 2024 SE Asia Standard Time elapsed time: 0.031058 seconds (0d 0h 0m 0s)

---------------  T H R E A D  ---------------

Current thread (0x0000026b68083b70):  JavaThread "Unknown thread" [_thread_in_vm, id=19484, stack(0x000000da09200000,0x000000da09300000) (1024K)]

Stack: [0x000000da09200000,0x000000da09300000]
Native frames: (J=compiled Java code, j=interpreted, Vv=VM code, C=native code)
V  [jvm.dll+0x6ca289]
V  [jvm.dll+0x854a51]
V  [jvm.dll+0x856f7e]
V  [jvm.dll+0x857653]
V  [jvm.dll+0x27dd26]
V  [jvm.dll+0x6c6a25]
V  [jvm.dll+0x6bb5aa]
V  [jvm.dll+0x35359a]
V  [jvm.dll+0x35b1f6]
V  [jvm.dll+0x3adade]
V  [jvm.dll+0x3add88]
V  [jvm.dll+0x3278fc]
V  [jvm.dll+0x32845b]
V  [jvm.dll+0x81de19]
V  [jvm.dll+0x3ba7c1]
V  [jvm.dll+0x807168]
V  [jvm.dll+0x44f96e]
V  [jvm.dll+0x451561]
C  [jli.dll+0x52a3]
C  [ucrtbase.dll+0x21bb2]
C  [KERNEL32.DLL+0x17374]
C  [ntdll.dll+0x4cc91]


---------------  P R O C E S S  ---------------

Threads class SMR info:
_java_thread_list=0x00007ffc7b10ac08, length=0, elements={
}

Java Threads: ( => current thread )
Total: 0

Other Threads:
  0x0000026b6a371bc0 WorkerThread "GC Thread#0"                     [id=20596, stack(0x000000da09300000,0x000000da09400000) (1024K)]
  0x0000026b6a374d30 ConcurrentGCThread "G1 Main Marker"            [id=22124, stack(0x000000da09400000,0x000000da09500000) (1024K)]
  0x0000026b6a375fd0 WorkerThread "G1 Conc#0"                       [id=7008, stack(0x000000da09500000,0x000000da09600000) (1024K)]

[error occurred during error reporting (printing all threads), id 0xc0000005, EXCEPTION_ACCESS_VIOLATION (0xc0000005) at pc=0x00007ffc7a87a087]
VM state: not at safepoint (not fully initialized)

VM Mutex/Monitor currently owned by a thread:  ([mutex/lock_event])
[0x00007ffc7b17bf98] Heap_lock - owner thread: 0x0000026b68083b70

Heap address: 0x00000000e0000000, size: 512 MB, Compressed Oops mode: 32-bit

CDS archive(s) mapped at: [0x0000000000000000-0x0000000000000000-0x0000000000000000), size 0, SharedBaseAddress: 0x0000000800000000, ArchiveRelocationMode: 1.
Narrow klass base: 0x0000000000000000, Narrow klass shift: 0, Narrow klass range: 0x0

GC Precious Log:
 CardTable entry size: 512
 Card Set container configuration: InlinePtr #cards 5 size 8 Array Of Cards #cards 12 size 40 Howl #buckets 4 coarsen threshold 1843 Howl Bitmap #cards 512 size 80 coarsen threshold 460 Card regions per heap region 1 cards per card region 2048

Heap:
 garbage-first heap   total 0K, used 0K [0x00000000e0000000, 0x0000000100000000)
  region size 1024K, 0 young (0K), 0 survivors (0K)

[error occurred during error reporting (printing heap information), id 0xc0000005, EXCEPTION_ACCESS_VIOLATION (0xc0000005) at pc=0x00007ffc7ac63259]
GC Heap History (0 events):
No events

Dll operation events (1 events):
Event: 0.020 Loaded shared library C:\Program Files\Java\jdk-21\bin\java.dll

Deoptimization events (0 events):
No events

Classes loaded (0 events):
No events

Classes unloaded (0 events):
No events

Classes redefined (0 events):
No events

Internal exceptions (0 events):
No events

ZGC Phase Switch (0 events):
No events

VM Operations (0 events):
No events

Events (0 events):
No events


Dynamic libraries:
0x00007ff7735e0000 - 0x00007ff7735f0000 	C:\Program Files\Java\jdk-21\bin\java.exe
0x00007ffcf8250000 - 0x00007ffcf8448000 	C:\WINDOWS\SYSTEM32\ntdll.dll
0x00007ffcf6e10000 - 0x00007ffcf6ed2000 	C:\WINDOWS\System32\KERNEL32.DLL
0x00007ffcf5ae0000 - 0x00007ffcf5dde000 	C:\WINDOWS\System32\KERNELBASE.dll
0x00007ffcf59b0000 - 0x00007ffcf5ab0000 	C:\WINDOWS\System32\ucrtbase.dll
0x00007ffcef4e0000 - 0x00007ffcef4fb000 	C:\Program Files\Java\jdk-21\bin\VCRUNTIME140.dll
0x00007ffcef4c0000 - 0x00007ffcef4d9000 	C:\Program Files\Java\jdk-21\bin\jli.dll
0x00007ffcf7ee0000 - 0x00007ffcf7f91000 	C:\WINDOWS\System32\ADVAPI32.dll
0x00007ffcf6ad0000 - 0x00007ffcf6b6e000 	C:\WINDOWS\System32\msvcrt.dll
0x00007ffcf6cf0000 - 0x00007ffcf6d8f000 	C:\WINDOWS\System32\sechost.dll
0x00007ffcf62d0000 - 0x00007ffcf63f3000 	C:\WINDOWS\System32\RPCRT4.dll
0x00007ffcf6240000 - 0x00007ffcf6267000 	C:\WINDOWS\System32\bcrypt.dll
0x00007ffcf8070000 - 0x00007ffcf820d000 	C:\WINDOWS\System32\USER32.dll
0x00007ffcf5ab0000 - 0x00007ffcf5ad2000 	C:\WINDOWS\System32\win32u.dll
0x00007ffcf6ee0000 - 0x00007ffcf6f0b000 	C:\WINDOWS\System32\GDI32.dll
0x00007ffcf5de0000 - 0x00007ffcf5ef7000 	C:\WINDOWS\System32\gdi32full.dll
0x00007ffcf61a0000 - 0x00007ffcf623d000 	C:\WINDOWS\System32\msvcp_win.dll
0x00007ffce0ef0000 - 0x00007ffce118a000 	C:\WINDOWS\WinSxS\amd64_microsoft.windows.common-controls_6595b64144ccf1df_6.0.19041.4355_none_60b8b9eb71f62e16\COMCTL32.dll
0x00007ffcee830000 - 0x00007ffcee83a000 	C:\WINDOWS\SYSTEM32\VERSION.dll
0x00007ffcf6690000 - 0x00007ffcf66bf000 	C:\WINDOWS\System32\IMM32.DLL
0x00007ffcef4b0000 - 0x00007ffcef4bc000 	C:\Program Files\Java\jdk-21\bin\vcruntime140_1.dll
0x00007ffced930000 - 0x00007ffced9be000 	C:\Program Files\Java\jdk-21\bin\msvcp140.dll
0x00007ffc7a540000 - 0x00007ffc7b258000 	C:\Program Files\Java\jdk-21\bin\server\jvm.dll
0x00007ffcf6d90000 - 0x00007ffcf6dfb000 	C:\WINDOWS\System32\WS2_32.dll
0x00007ffcf4e40000 - 0x00007ffcf4e8b000 	C:\WINDOWS\SYSTEM32\POWRPROF.dll
0x00007ffcdde30000 - 0x00007ffcdde57000 	C:\WINDOWS\SYSTEM32\WINMM.dll
0x00007ffcf4cb0000 - 0x00007ffcf4cc2000 	C:\WINDOWS\SYSTEM32\UMPDC.dll
0x00007ffcf4100000 - 0x00007ffcf4112000 	C:\WINDOWS\SYSTEM32\kernel.appcore.dll
0x00007ffcef4a0000 - 0x00007ffcef4aa000 	C:\Program Files\Java\jdk-21\bin\jimage.dll
0x00007ffcf35b0000 - 0x00007ffcf3794000 	C:\WINDOWS\SYSTEM32\DBGHELP.DLL
0x00007ffcdc030000 - 0x00007ffcdc064000 	C:\WINDOWS\SYSTEM32\dbgcore.DLL
0x00007ffcf6110000 - 0x00007ffcf6192000 	C:\WINDOWS\System32\bcryptPrimitives.dll
0x00007ffced910000 - 0x00007ffced92f000 	C:\Program Files\Java\jdk-21\bin\java.dll

dbghelp: loaded successfully - version: 4.0.5 - missing functions: none
symbol engine: initialized successfully - sym options: 0x614 - pdb path: .;C:\Program Files\Java\jdk-21\bin;C:\WINDOWS\SYSTEM32;C:\WINDOWS\WinSxS\amd64_microsoft.windows.common-controls_6595b64144ccf1df_6.0.19041.4355_none_60b8b9eb71f62e16;C:\Program Files\Java\jdk-21\bin\server

VM Arguments:
jvm_args: -Dorg.gradle.internal.worker.tmpdir=D:\tugas kuliah\PBW\tubes\Tubes-PBW\build\tmp\test\work -Xmx512m -Dfile.encoding=UTF-8 -Duser.country=ID -Duser.language=en -Duser.variant -ea 
java_command: worker.org.gradle.process.internal.worker.GradleWorkerMain 'Gradle Test Executor 14'
java_class_path (initial): C:\Users\hp\.gradle\caches\8.11.1\workerMain\gradle-worker.jar;D:\tugas kuliah\PBW\tubes\Tubes-PBW\build\classes\java\test;D:\tugas kuliah\PBW\tubes\Tubes-PBW\build\classes\java\main;D:\tugas kuliah\PBW\tubes\Tubes-PBW\build\resources\main;C:\Users\hp\.gradle\caches\modules-2\files-2.1\org.springframework.boot\spring-boot-starter-thymeleaf\3.4.0\1ec7fdf829d485800146ec333d6e30af9fbc4830\spring-boot-starter-thymeleaf-3.4.0.jar;C:\Users\hp\.gradle\caches\modules-2\files-2.1\org.springframework.boot\spring-boot-starter-web\3.4.0\5447a62dc3dee3eadf2def23314e0db4c81bb3\spring-boot-starter-web-3.4.0.jar;C:\Users\hp\.gradle\caches\modules-2\files-2.1\org.springframework\spring-jdbc\6.2.0\3907c5ca693671d164fbb056e40146a80c1c39ee\spring-jdbc-6.2.0.jar;C:\Users\hp\.gradle\caches\modules-2\files-2.1\org.postgresql\postgresql\42.6.0\7614cfce466145b84972781ab0079b8dea49e363\postgresql-42.6.0.jar;C:\Users\hp\.gradle\caches\modules-2\files-2.1\javax.validation\validation-api\2.0.1.Final\cb855558e6271b1b32e716d24cb85c7f583ce09e\validation-api-2.0.1.Final.jar;C:\Users\hp\.gradle\caches\modules-2\files-2.1\org.hibernate.validator\hibernate-validator\6.2.4.Final\5acf6de251d9e29102a1f30657cc3151ce3c8aeb\hibernate-validator-6.2.4.Final.jar;C:\Users\hp\.gradle\caches\modules-2\files-2.1\org.springframework.boot\spring-boot-starter-test\3.4.0\c96000757d3197eb9735a41a47b88281448e2599\spring-boot-starter-test-3.4.0.jar;C:\Users\hp\.gradle\caches\modules-2\files-2.1\org.junit.jupiter\junit-jupiter\5.11.3\992ed024f7cef51ef8dfb3f6828c2f8917cc9640\junit-jupiter-5.11.3.jar;C:\Users\hp\.gradle\caches\modules-2\files-2.1\org.junit.jupiter\junit-jupiter-engine\5.11.3\78392fae7f493f92618b837610c2915d0528b4fa\junit-jupiter-engine-5.11.3.jar;C:\Users\hp\.gradle\caches\modules-2\files-2.1\org.junit.platform\junit-platform-engine\1.11.3\b2b5f1af958609110c1f4ce055b9050fec77fbda\junit-platform-engine-1.11.3.jar;C:\Users\hp\.gradle\caches\modules-2\files-2.1\org.mockito\mockito-junit-jupiter\5.14.2\3cfc377d4bb9fe729f3dd9098d9a9b27da58324a\mockito-junit-jupiter-5.14.2.jar;C:\Users\hp\.gradle\caches\modules-2\files-2.1\org.junit.jupiter\junit-jupiter-params\5.11.3\a54ff747e4ad98b1d49ee1e73f502def701516b5\junit-jupiter-params-5.11.3.jar;C:\Users\hp\.gradle\caches\modules-2\files-2.1\org.junit.jupiter\junit-jupiter-api\5.11.3\89b1b4f707e19ed1c594c2d782987a6954226aec\junit-jupiter-api-5.11.3.jar;C:\Users\hp\.gradle\caches\modules-2\files-2.1\org.junit.platform\junit-platform-commons\1.11.3\71eaa12ce1322069c712d1d557a5e95324a8a84c\junit-platform-commons-1.11.3.jar;C:\Users\hp\.gradle\caches\modules-2\files-2.1\org.junit.platform\junit-platform-launcher\1.11.3\a49b9aa3ddd206121b643ba556bc3420129c47d\junit-platform-launcher-1.11.3.jar;C:\Users\hp\.gradle\caches\modules-2\files-2.1\org.springframework.boot\spring-boot-starter-json\3.4.0\b817379dd7629234dbacd52a7d5a6b11f95d8d67\spring-boot-starter-json-3.4.0.jar;C:\Users\hp\.gradle\caches\modules-2\files-2.1\org.springframework.boot\spring-boot-starter\3.4.0\81b6241291e468e5654a4df26ee8fb35c2879bbc\spring-boot-starter-3.4.0.jar;C:\Users\hp\.gradle\caches\modules-2\files-2.1\org.thymeleaf\thymeleaf-spring6\3.1.2.RELEASE\6030c7b4e260c41336f378e53da6e8531263f24b\thymeleaf-spring6-3.1.2.RELEASE.jar;C:\Users\hp\.gradle\caches\modules-2\files-2.1\org.springframework.boot\spring-boot-starter-tomcat\3.4.0\90a4cb855aa6fab8da0a3831d8fff5e5a9093d6a\spring-boot-starter-tomcat-3.4.0.jar;C:\Users\hp\.gradle\caches\modules-2\files-2.1\org.springframework\spring-webmvc\6.2.0\2eddfeb4d7a12b1ed301bc07abc7e73bca94c2e9\spring-webmvc-6.2.0.jar;C:\Users\hp\.gradle\caches\modules-2\files-2.1\org.springframework\spring-web\6.2.0\e1b702476fe83b2354baf88b8179f71c53fbbfae\spring-web-6.2.0.jar;C:\Users\hp\.gradle\caches\modules-2\files-2.1\org.springframework\spring-tx\6.2.0\940031e305c992e11d52cb3e75fb71f71bf5a19d\spring-tx-6.2.0.jar;C:\Users\hp\.gradle\caches\modules-2\files-2.1\org.springframework.boot\spring-boot-test-autoconfigure\3.4.0\4dc5a0cb4856c748221b4300bc83496146be7df9\spring-boot-test-autoconfigure-3.4.0.jar;C:\Users\hp\.gradle\caches\modules-2\files-2.1\org.springframework.boot\spring-boot-test\3.4.0\708b911f4cd12d6fc6da56ef24156a96f79ba005\spring-boot-test-3.4.0.jar;C:\Users\hp\.gradle\caches\modules-2\files-2.1\org.springframework.boot\spring-boot-autoconfigure\3.4.0\2cf78b01be25952c96cb8ee60b4b0562b3a136f2\spring-boot-autoconfigure-3.4.0.jar;C:\Users\hp\.gradle\caches\modules-2\files-2.1\org.springframework.boot\spring-boot\3.4.0\cbc6c54cc6958a5e24872025e0d6ff0c87ed3594\spring-boot-3.4.0.jar;C:\Users\hp\.gradle\caches\modules-2\files-2.1\org.springframework\spring-context\6.2.0\c08dc2bbbe833de7ceda56e8b8bbcc7014413a2a\spring-context-6.2.0.jar;C:\Users\hp\.gradle\caches\modules-2\files-2.1\org.springframework\spring-aop\6.2.0\999012dfb56640f7babdf4f6c55b3f59c1596f3f\spring-aop-6.2.0.jar;C:\Users\hp\.gradle\caches\modules-2\files-2.1\org.springframework\spring-beans\6.2.0\972694ca3c2f44d64d55429dfcc6ca2dfa9fddf\spring-beans-6.2.0.jar;C:\Users\hp\.gradle\caches\modules-2\files-2.1\org.springframework\spring-test\6.2.0\b18c80e3c6c253ba9ba5d4487efa4e951f1d89db\spring-test-6.2.0.jar;C:\Users\hp\.gradle\caches\modules-2\files-2.1\org.springframework\spring-expression\6.2.0\7e92dcd147157641446081db281e9437d8f4dcd\spring-expression-6.2.0.jar;C:\Users\hp\.gradle\caches\modules-2\files-2.1\org.springframework\spring-core\6.2.0\b0d65768b9f99204857dc9a5548443c04ba61c79\spring-core-6.2.0.jar;C:\Users\hp\.gradle\caches\modules-2\files-2.1\org.checkerframework\checker-qual\3.31.0\eeefd4af42e2f4221d145c1791582f91868f99ab\checker-qual-3.31.0.jar;C:\Users\hp\.gradle\caches\modules-2\files-2.1\jakarta.validation\jakarta.validation-api\3.0.2\92b6631659ba35ca09e44874d3eb936edfeee532\jakarta.validation-api-3.0.2.jar;C:\Users\hp\.gradle\caches\modules-2\files-2.1\org.jboss.logging\jboss-logging\3.6.1.Final\886afbb445b4016a37c8960a7aef6ebd769ce7e5\jboss-logging-3.6.1.Final.jar;C:\Users\hp\.gradle\caches\modules-2\files-2.1\com.fasterxml\classmate\1.7.0\e98374da1f2143ac8e6e0a95036994bb19137a3\classmate-1.7.0.jar;C:\Users\hp\.gradle\caches\modules-2\files-2.1\com.jayway.jsonpath\json-path\2.9.0\37fe2217f577b0b68b18e62c4d17a8858ecf9b69\json-path-2.9.0.jar;C:\Users\hp\.gradle\caches\modules-2\files-2.1\jakarta.xml.bind\jakarta.xml.bind-api\4.0.2\6cd5a999b834b63238005b7144136379dc36cad2\jakarta.xml.bind-api-4.0.2.jar;C:\Users\hp\.gradle\caches\modules-2\files-2.1\net.minidev\json-smart\2.5.1\4c11d2808d009132dfbbf947ebf37de6bf266c8e\json-smart-2.5.1.jar;C:\Users\hp\.gradle\caches\modules-2\files-2.1\org.assertj\assertj-core\3.26.3\d26263eb7524252d98e602fc6942996a3195e29\assertj-core-3.26.3.jar;C:\Users\hp\.gradle\caches\modules-2\files-2.1\org.awaitility\awaitility\4.2.2\7336242073ebf83fe034e42b46a403c5501b63c9\awaitility-4.2.2.jar;C:\Users\hp\.gradle\caches\modules-2\files-2.1\org.hamcrest\hamcrest\2.2\1820c0968dba3a11a1b30669bb1f01978a91dedc\hamcrest-2.2.jar;C:\Users\hp\.gradle\caches\modules-2\files-2.1\org.mockito\mockito-core\5.14.2\f7bf936008d7664e2002c3faf0c02071c8d10e7c\mockito-core-5.14.2.jar;C:\Users\hp\.gradle\caches\modules-2\files-2.1\org.skyscreamer\jsonassert\1.5.3\aaa43e0823d2a0e106e8754d6a9c4ab24e05e9bc\jsonassert-1.5.3.jar;C:\Users\hp\.gradle\caches\modules-2\files-2.1\org.xmlunit\xmlunit-core\2.10.0\1355088731b4ec2107ff7f319f0d7445d916bab\xmlunit-core-2.10.0.jar;C:\Users\hp\.gradle\caches\modules-2\files-2.1\org.springframework.boot\spring-boot-starter-logging\3.4.0\10d953f63139bf05ca8bee79272aadac745e297e\spring-boot-starter-logging-3.4.0.jar;C:\Users\hp\.gradle\caches\modules-2\files-2.1\jakarta.annotation\jakarta.annotation-api\2.1.1\48b9bda22b091b1f48b13af03fe36db3be6e1ae3\jakarta.annotation-api-2.1.1.jar;C:\Users\hp\.gradle\caches\modules-2\files-2.1\org.yaml\snakeyaml\2.3\936b36210e27320f920536f695cf1af210c44586\snakeyaml-2.3.jar;C:\Users\hp\.gradle\caches\modules-2\files-2.1\org.thymeleaf\thymeleaf\3.1.2.RELEASE\273997509a4c7aef86cee0521750140c587d9be2\thymeleaf-3.1.2.RELEASE.jar;C:\Users\hp\.gradle\caches\modules-2\files-2.1\ch.qos.logback\logback-classic\1.5.12\3790d1a62e868f7915776dfb392bd9a29ce8d954\logback-classic-1.5.12.jar;C:\Users\hp\.gradle\caches\modules-2\files-2.1\org.apache.logging.log4j\log4j-to-slf4j\2.24.1\fc8228007ccbf3bcdd9c6045de2c20bd03dbcf6e\log4j-to-slf4j-2.24.1.jar;C:\Users\hp\.gradle\caches\modules-2\files-2.1\org.slf4j\jul-to-slf4j\2.0.16\6d57da3e961daac65bcca0dd3def6cd11e48a24a\jul-to-slf4j-2.0.16.jar;C:\Users\hp\.gradle\caches\modules-2\files-2.1\org.slf4j\slf4j-api\2.0.16\172931663a09a1fa515567af5fbef00897d3c04\slf4j-api-2.0.16.jar;C:\Users\hp\.gradle\caches\modules-2\files-2.1\com.fasterxml.jackson.datatype\jackson-datatype-jsr310\2.18.1\36e49c07197395164d50df4b8ed17f5fc05430f0\jackson-datatype-jsr310-2.18.1.jar;C:\Users\hp\.gradle\caches\modules-2\files-2.1\com.fasterxml.jackson.module\jackson-module-parameter-names\2.18.1\202b447a91d5466433f91690f9414dd466dcbc2b\jackson-module-parameter-names-2.18.1.jar;C:\Users\hp\.gradle\caches\modules-2\files-2.1\com.fasterxml.jackson.core\jackson-annotations\2.18.1\8f9aa97e7fb44d4bea829061625472b0f6199923\jackson-annotations-2.18.1.jar;C:\Users\hp\.gradle\caches\modules-2\files-2.1\com.fasterxml.jackson.core\jackson-core\2.18.1\9e2284c539e2dedd2aa1487c781e20a0f575d695\jackson-core-2.18.1.jar;C:\Users\hp\.gradle\caches\modules-2\files-2.1\com.fasterxml.jackson.datatype\jackson-datatype-jdk8\2.18.1\944810b96bfe1d149ecdafb1228537610e14367a\jackson-datatype-jdk8-2.18.1.jar;C:\Users\hp\.gradle\caches\modules-2\files-2.1\com.fasterxml.jackson.core\jackson-databind\2.18.1\66547d0c6c2f9e022019499308f09bebbf30ab2e\jackson-databind-2.18.1.jar;C:\Users\hp\.gradle\caches\modules-2\files-2.1\org.apache.tomcat.embed\tomcat-embed-websocket\10.1.33\67feeb848bf741029ed7a0fe91bcae515e7b1c25\tomcat-embed-websocket-10.1.33.jar;C:\Users\hp\.gradle\caches\modules-2\files-2.1\org.apache.tomcat.embed\tomcat-embed-core\10.1.33\d4d10b953164db057e4a803506e4552731e5a6a0\tomcat-embed-core-10.1.33.jar;C:\Users\hp\.gradle\caches\modules-2\files-2.1\org.apache.tomcat.embed\tomcat-embed-el\10.1.33\6cdf9afcb8577309fae1181e0a5f2f8cff559d97\tomcat-embed-el-10.1.33.jar;C:\Users\hp\.gradle\caches\modules-2\files-2.1\io.micrometer\micrometer-observation\1.14.1\db326347a09c9c18b4149aae98b38d280cafdeb9\micrometer-observation-1.14.1.jar;C:\Users\hp\.gradle\caches\modules-2\files-2.1\org.springframework\spring-jcl\6.2.0\2b8e7bb1e751bf585e7db6de1d375c599e0c8cf5\spring-jcl-6.2.0.jar;C:\Users\hp\.gradle\caches\modules-2\files-2.1\jakarta.activation\jakarta.activation-api\2.1.3\fa165bd70cda600368eee31555222776a46b881f\jakarta.activation-api-2.1.3.jar;C:\Users\hp\.gradle\caches\modules-2\files-2.1\net.minidev\accessors-smart\2.5.1\19b820261eb2e7de7d5bde11d1c06e4501dd7e5f\accessors-smart-2.5.1.jar;C:\Users\hp\.gradle\caches\modules-2\files-2.1\net.bytebuddy\byte-buddy\1.15.10\635c873fadd853c084f84fdc3cbd58c5dd8537f9\byte-buddy-1.15.10.jar;C:\Users\hp\.gradle\caches\modules-2\files-2.1\net.bytebuddy\byte-buddy-agent\1.15.10\e8eb255b2c378b9a6c7341e7b0e12f0a5636377\byte-buddy-agent-1.15.10.jar;C:\Users\hp\.gradle\caches\modules-2\files-2.1\org.objenesis\objenesis\3.3\1049c09f1de4331e8193e579448d0916d75b7631\objenesis-3.3.jar;C:\Users\hp\.gradle\caches\modules-2\files-2.1\com.vaadin.external.google\android-json\0.0.20131108.vaadin1\fa26d351fe62a6a17f5cda1287c1c6110dec413f\android-json-0.0.20131108.vaadin1.jar;C:\Users\hp\.gradle\caches\modules-2\files-2.1\org.opentest4j\opentest4j\1.3.0\152ea56b3a72f655d4fd677fc0ef2596c3dd5e6e\opentest4j-1.3.0.jar;C:\Users\hp\.gradle\caches\modules-2\files-2.1\org.attoparser\attoparser\2.0.7.RELEASE\e5d0e988d9124139d645bb5872b24dfa23e283cc\attoparser-2.0.7.RELEASE.jar;C:\Users\hp\.gradle\caches\modules-2\files-2.1\org.unbescape\unbescape\1.1.6.RELEASE\7b90360afb2b860e09e8347112800d12c12b2a13\unbescape-1.1.6.RELEASE.jar;C:\Users\hp\.gradle\caches\modules-2\files-2.1\io.micrometer\micrometer-commons\1.14.1\b7cf441e6c9de70794b09086751a8ec0e311d47e\micrometer-commons-1.14.1.jar;C:\Users\hp\.gradle\caches\modules-2\files-2.1\org.ow2.asm\asm\9.6\aa205cf0a06dbd8e04ece91c0b37c3f5d567546a\asm-9.6.jar;C:\Users\hp\.gradle\caches\modules-2\files-2.1\ch.qos.logback\logback-core\1.5.12\65b1fa25fe8d8e4bdc140e79eb67ac6741f775e2\logback-core-1.5.12.jar;C:\Users\hp\.gradle\caches\modules-2\files-2.1\org.apache.logging.log4j\log4j-api\2.24.1\7ebeb12c20606373005af4232cd0ecca72613dda\log4j-api-2.24.1.jar
Launcher Type: SUN_STANDARD

[Global flags]
     intx CICompilerCount                          = 4                                         {product} {ergonomic}
     uint ConcGCThreads                            = 2                                         {product} {ergonomic}
     uint G1ConcRefinementThreads                  = 8                                         {product} {ergonomic}
   size_t G1HeapRegionSize                         = 1048576                                   {product} {ergonomic}
    uintx GCDrainStackTargetSize                   = 64                                        {product} {ergonomic}
   size_t InitialHeapSize                          = 132120576                                 {product} {ergonomic}
   size_t MarkStackSize                            = 4194304                                   {product} {ergonomic}
   size_t MaxHeapSize                              = 536870912                                 {product} {command line}
   size_t MinHeapDeltaBytes                        = 1048576                                   {product} {ergonomic}
   size_t MinHeapSize                              = 8388608                                   {product} {ergonomic}
    uintx NonNMethodCodeHeapSize                   = 5839372                                {pd product} {ergonomic}
    uintx NonProfiledCodeHeapSize                  = 122909434                              {pd product} {ergonomic}
    uintx ProfiledCodeHeapSize                     = 122909434                              {pd product} {ergonomic}
    uintx ReservedCodeCacheSize                    = 251658240                              {pd product} {ergonomic}
     bool SegmentedCodeCache                       = true                                      {product} {ergonomic}
   size_t SoftMaxHeapSize                          = 536870912                              {manageable} {ergonomic}
     bool UseCompressedOops                        = true                           {product lp64_product} {ergonomic}
     bool UseG1GC                                  = true                                      {product} {ergonomic}
     bool UseLargePagesIndividualAllocation        = false                                  {pd product} {ergonomic}

Logging:
Log output configuration:
 #0: stdout all=warning uptime,level,tags foldmultilines=false
 #1: stderr all=off uptime,level,tags foldmultilines=false

Environment Variables:
JAVA_HOME=C:\Program Files\Java\jdk-21
CLASSPATH=D:\tugas kuliah\PBW\tubes\Tubes-PBW\\gradle\wrapper\gradle-wrapper.jar
PATH=C:\Python312\Scripts\;C:\Python312\;C:\Program Files (x86)\Intel\Intel(R) Management Engine Components\iCLS\;C:\Program Files\Intel\Intel(R) Management Engine Components\iCLS\;C:\windows\system32;C:\windows;C:\windows\System32\Wbem;C:\windows\System32\WindowsPowerShell\v1.0\;C:\windows\System32\OpenSSH\;C:\Program Files (x86)\Intel\Intel(R) Management Engine Components\DAL;C:\Program Files\Intel\Intel(R) Management Engine Components\DAL;C:\Program Files (x86)\NVIDIA Corporation\PhysX\Common;C:\WINDOWS\system32;C:\WINDOWS;C:\WINDOWS\System32\Wbem;C:\WINDOWS\System32\WindowsPowerShell\v1.0\;C:\WINDOWS\System32\OpenSSH\;C:\Program Files (x86)\ZeroTier\One\;C:\xampp\php;C:\gradle-8.10.2\bin;C:\MinGW\bin;C:\Program Files (x86)\Microsoft SQL Server\160\Tools\Binn\;C:\Program Files\Microsoft SQL Server\160\Tools\Binn\;C:\Program Files\Microsoft SQL Server\Client SDK\ODBC\170\Tools\Binn\;C:\Program Files\Microsoft SQL Server\160\DTS\Binn\;C:\Program Files\Azure Data Studio\bin;D:\Git\cmd;C:\Program Files\Java\jdk-21\bin;D:\NodeJs\;C:\ProgramData\chocolatey\bin;C:\Program Files\Cloudflare\Cloudflare WARP\;C:\Users\hp\AppData\Local\Programs\Microsoft VS Code\bin;C:\MinGW\bin;C:\Program Files\Azure Data Studio\bin;C:\Program Files\Java\jdk-21;C:\Users\hp\AppData\Roaming\npm
USERNAME=hp
LANG=en_US.UTF-8
OS=Windows_NT
PROCESSOR_IDENTIFIER=Intel64 Family 6 Model 142 Stepping 10, GenuineIntel
TMP=C:\Users\hp\AppData\Local\Temp
TEMP=C:\Users\hp\AppData\Local\Temp




Periodic native trim disabled

---------------  S Y S T E M  ---------------

OS:
 Windows 10 , 64 bit Build 19041 (10.0.19041.5198)
OS uptime: 0 days 17:28 hours
Hyper-V role detected

CPU: total 8 (initial active 8) (4 cores per cpu, 2 threads per core) family 6 model 142 stepping 10 microcode 0xea, cx8, cmov, fxsr, ht, mmx, 3dnowpref, sse, sse2, sse3, ssse3, sse4.1, sse4.2, popcnt, lzcnt, tsc, tscinvbit, avx, avx2, aes, erms, clmul, bmi1, bmi2, adx, fma, vzeroupper, clflush, clflushopt, hv, rdtscp, f16c
Processor Information for all 8 processors :
  Max Mhz: 1992, Current Mhz: 1494, Mhz Limit: 1792

Memory: 4k page, system-wide physical 8026M (777M free)
TotalPageFile size 15026M (AvailPageFile size 33M)
current process WorkingSet (physical memory assigned to process): 10M, peak: 10M
current process commit charge ("private bytes"): 59M, peak: 185M

vm_info: Java HotSpot(TM) 64-Bit Server VM (21.0.5+9-LTS-239) for windows-amd64 JRE (21.0.5+9-LTS-239), built on 2024-09-30T05:17:38Z by "mach5one" with MS VC++ 17.6 (VS2022)

END.
